\BOOKMARK [1][-]{section.1}{1. Introduction}{}
\BOOKMARK [1][-]{section.2}{2. Notation}{}
\BOOKMARK [2][-]{subsection.2.1}{2.1. Trees}{section.2}
\BOOKMARK [2][-]{subsection.2.2}{2.2. Coding maps, points and sets}{section.2}
\BOOKMARK [1][-]{section.3}{3. Uniformly pcf fractals}{}
\BOOKMARK [2][-]{figure.1}{3.1. Definitions}{section.3}
\BOOKMARK [2][-]{subsection.3.2}{3.2. Example}{section.3}
\BOOKMARK [1][-]{section.4}{4. Cells and Complexes}{}
\BOOKMARK [2][-]{figure.2}{4.1. Definitions}{section.4}
\BOOKMARK [2][-]{subsection.4.2}{4.2. Properties}{section.4}
\BOOKMARK [1][-]{section.5}{5. Uniformly Nested and Affine Nested Fractals}{}
\BOOKMARK [2][-]{subsection.5.1}{5.1. Definitions}{section.5}
\BOOKMARK [2][-]{subsection.5.2}{5.2. Properties}{section.5}
\BOOKMARK [1][-]{section.6}{6. Measures on Uniformly pcf Fractals}{}
\BOOKMARK [2][-]{subsection.6.1}{6.1. Definitions}{section.6}
\BOOKMARK [2][-]{subsection.6.2}{6.2. Properties}{section.6}
\BOOKMARK [1][-]{section.7}{7. Replication and Trace for a Single IFS}{}
\BOOKMARK [2][-]{subsection.7.1}{7.1. Assumptions}{section.7}
\BOOKMARK [2][-]{subsection.7.2}{7.2. Definition of Replication}{section.7}
\BOOKMARK [2][-]{subsection.7.3}{7.3. Invariance under Replication}{section.7}
\BOOKMARK [2][-]{subsection.7.4}{7.4. Properties of Replication}{section.7}
\BOOKMARK [1][-]{section*.3}{References}{}
