This is pdfeTeX, Version 3.141592-1.20a-2.2 (Web2C 7.5.3) (format=pdflatex 2005.9.7)  15 MAR 2009 08:55
entering extended mode
\write18 enabled.
**color-package-demo(2).tex
(./color-package-demo(2).tex
LaTeX2e <2003/12/01>
Babel <v3.8d> and hyphenation patterns for american, french, german, ngerman, d
utch, italian, norsk, portuges, spanish, swedish, nohyphenation, loaded.
(/usr/local/teTeX/share/texmf.tetex/tex/latex/base/article.cls
Document Class: article 2004/02/16 v1.4f Standard LaTeX document class
(/usr/local/teTeX/share/texmf.tetex/tex/latex/base/size11.clo
File: size11.clo 2004/02/16 v1.4f Standard LaTeX file (size option)
)
\c@part=\count79
\c@section=\count80
\c@subsection=\count81
\c@subsubsection=\count82
\c@paragraph=\count83
\c@subparagraph=\count84
\c@figure=\count85
\c@table=\count86
\abovecaptionskip=\skip41
\belowcaptionskip=\skip42
\bibindent=\dimen102
)
(/usr/local/teTeX/share/texmf.tetex/tex/latex/graphics/color.sty
Package: color 1999/02/16 v1.0i Standard LaTeX Color (DPC)

(/usr/local/teTeX/share/texmf.tetex/tex/latex/graphics/color.cfg
File: color.cfg 2005/02/03 v1.3 color configuration of teTeX/TeXLive
)
Package color Info: Driver file: pdftex.def on input line 125.

(/usr/local/teTeX/share/texmf.tetex/tex/latex/graphics/pdftex.def
File: pdftex.def 2002/06/19 v0.03k graphics/color for pdftex
\Gread@gobject=\count87
)) (./rgb.tex
Package color Info: Redefining color black on input line 282.
Package color Info: Redefining color blue on input line 289.
Package color Info: Redefining color cyan on input line 326.
Package color Info: Redefining color darkslate on input line 342.
Package color Info: Redefining color darkslate on input line 343.
Package color Info: Redefining color green on input line 477.
Package color Info: Redefining color lightgoldenrod on input line 605.
Package color Info: Redefining color lightslate on input line 614.
Package color Info: Redefining color lightslate on input line 615.
Package color Info: Redefining color magenta on input line 624.
Package color Info: Redefining color red on input line 686.
Package color Info: Redefining color white on input line 746.
Package color Info: Redefining color yellow on input line 752.
)
No file color-package-demo(2).aux.
\openout1 = `color-package-demo(2).aux'.

LaTeX Font Info:    Checking defaults for OML/cmm/m/it on input line 17.
LaTeX Font Info:    ... okay on input line 17.
LaTeX Font Info:    Checking defaults for T1/cmr/m/n on input line 17.
LaTeX Font Info:    ... okay on input line 17.
LaTeX Font Info:    Checking defaults for OT1/cmr/m/n on input line 17.
LaTeX Font Info:    ... okay on input line 17.
LaTeX Font Info:    Checking defaults for OMS/cmsy/m/n on input line 17.
LaTeX Font Info:    ... okay on input line 17.
LaTeX Font Info:    Checking defaults for OMX/cmex/m/n on input line 17.
LaTeX Font Info:    ... okay on input line 17.
LaTeX Font Info:    Checking defaults for U/cmr/m/n on input line 17.
LaTeX Font Info:    ... okay on input line 17.
(/usr/local/teTeX/share/texmf.tetex/tex/context/base/supp-pdf.tex
(/usr/local/teTeX/share/texmf.tetex/tex/context/base/supp-mis.tex
loading : Context Support Macros / Miscellaneous (2004.10.26)
\protectiondepth=\count88
\scratchcounter=\count89
\scratchtoks=\toks14
\scratchdimen=\dimen103
\scratchskip=\skip43
\scratchmuskip=\muskip10
\scratchbox=\box26
\scratchread=\read1
\scratchwrite=\write3
\zeropoint=\dimen104
\onepoint=\dimen105
\onebasepoint=\dimen106
\minusone=\count90
\thousandpoint=\dimen107
\onerealpoint=\dimen108
\emptytoks=\toks15
\nextbox=\box27
\nextdepth=\dimen109
\everyline=\toks16
\!!counta=\count91
\!!countb=\count92
\recursecounter=\count93
)
loading : Context Support Macros / PDF (2004.03.26)
\nofMPsegments=\count94
\nofMParguments=\count95
\MPscratchCnt=\count96
\MPscratchDim=\dimen110
\MPnumerator=\count97
\everyMPtoPDFconversion=\toks17
)

! LaTeX Error: Undefined color `Blue'.

See the LaTeX manual or LaTeX Companion for explanation.
Type  H <return>  for immediate help.
 ...                                              
                                                  
l.18 \maketitle
               
? 
! Emergency stop.
 ...                                              
                                                  
l.18 \maketitle
               
You're in trouble here.  Try typing  <return>  to proceed.
If that doesn't work, type  X <return>  to quit.

 
Here is how much of TeX's memory you used:
 1465 strings out of 95217
 20505 string characters out of 1184539
 2080836 words of memory out of 4535671
 4641 multiletter control sequences out of 10000+50000
 4239 words of font info for 16 fonts, out of 2000000 for 2000
 58 hyphenation exceptions out of 1000
 21i,1n,19p,237b,126s stack positions out of 5000i,500n,6000p,200000b,40000s
 0 PDF objects out of 300000
 0 named destinations out of 131072
 1 words of extra memory for PDF output out of 65536
No pages of output.
