This is pdfeTeX, Version 3.141592-1.20a-2.2 (Web2C 7.5.3) (format=pdflatex 2005.9.7)  2 DEC 2008 16:26
entering extended mode
\write18 enabled.
**elsart.cls
(./elsart.cls
LaTeX2e <2003/12/01>
Babel <v3.8d> and hyphenation patterns for american, french, german, ngerman, d
utch, italian, norsk, portuges, spanish, swedish, nohyphenation, loaded.

LaTeX Warning: You have requested package `',
               but the package provides `elsart'.

! Use of \esp doesn't match its definition.
<argument> \esp @filedate, \esp @filev
                                      ersion: \@journal
l.31 ...esp@filedate, \esp@fileversion: \@journal]
                                                  
? 
! Emergency stop.
<argument> \esp @filedate, \esp @filev
                                      ersion: \@journal
l.31 ...esp@filedate, \esp@fileversion: \@journal]
                                                  
End of file on the terminal!

 
Here is how much of TeX's memory you used:
 12 strings out of 95217
 157 string characters out of 1184539
 2045165 words of memory out of 4500000
 3217 multiletter control sequences out of 10000+50000
 3640 words of font info for 14 fonts, out of 2000000 for 2000
 58 hyphenation exceptions out of 1000
 7i,0n,8p,89b,10s stack positions out of 5000i,500n,6000p,200000b,40000s
 0 PDF objects out of 300000
 0 named destinations out of 131072
 1 words of extra memory for PDF output out of 65536
No pages of output.
