\BOOKMARK [1][-]{section.1}{1. Introduction}{}% 1
\BOOKMARK [1][-]{section.2}{2. Graphs}{}% 2
\BOOKMARK [2][-]{subsection.2.1}{2.1. Notation and Definitions}{section.2}% 3
\BOOKMARK [1][-]{section.3}{3. Electric Network Interpretation of a Graph}{}% 4
\BOOKMARK [2][-]{subsection.3.1}{3.1. Physical Motivation}{section.3}% 5
\BOOKMARK [2][-]{subsection.3.2}{3.2. Mathematical Framework}{section.3}% 6
\BOOKMARK [2][-]{subsection.3.3}{3.3. Rescaling Solutions}{section.3}% 7
\BOOKMARK [2][-]{subsection.3.4}{3.4. Effective Conductance and Resistance}{section.3}% 8
\BOOKMARK [2][-]{subsection.3.5}{3.5. Computing Effective Conductance}{section.3}% 9
\BOOKMARK [1][-]{section.4}{4. Random Walk Interpretation of a Graph}{}% 10
\BOOKMARK [2][-]{subsection.4.1}{4.1. Definition of the RW on \040G \040}{section.4}% 11
\BOOKMARK [2][-]{subsection.4.2}{4.2. Markov Chain}{section.4}% 12
\BOOKMARK [2][-]{subsection.4.3}{4.3. Two Functions Associated with the RW}{section.4}% 13
\BOOKMARK [1][-]{section.5}{5. Analysis, Connections with EN and RW}{}% 14
\BOOKMARK [2][-]{subsection.5.1}{5.1. Green's Function}{section.5}% 15
\BOOKMARK [2][-]{subsection.5.2}{5.2. Summary of Connections so far}{section.5}% 16
\BOOKMARK [2][-]{subsection.5.3}{5.3. Currents and Traverses along Edges}{section.5}% 17
\BOOKMARK [2][-]{subsection.5.4}{5.4. Dirichlet Problem}{section.5}% 18
\BOOKMARK [1][-]{section.6}{6. Crossing Time, Einstein Relation}{}% 19
\BOOKMARK [2][-]{subsection.6.1}{6.1. Crossing Time Theorem}{section.6}% 20
\BOOKMARK [2][-]{subsection.6.2}{6.2. Einstein Relation}{section.6}% 21
\BOOKMARK [2][-]{subsection.6.3}{6.3. Triangle Inequality}{section.6}% 22
\BOOKMARK [1][-]{section.7}{7. Dirichlet Energy}{}% 23
\BOOKMARK [2][-]{subsection.7.1}{7.1. Definitions}{section.7}% 24
\BOOKMARK [2][-]{subsection.7.2}{7.2. Green's Identity}{section.7}% 25
\BOOKMARK [2][-]{subsection.7.3}{7.3. Thompson's First Principle}{section.7}% 26
\BOOKMARK [2][-]{subsection.7.4}{7.4. Flows}{section.7}% 27
\BOOKMARK [2][-]{subsection.7.5}{7.5. Properties of Flows}{section.7}% 28
\BOOKMARK [2][-]{subsection.7.6}{7.6. Thompson's Second Principle}{section.7}% 29
\BOOKMARK [2][-]{subsection.7.7}{7.7. Alternative Expression for Dirichlet Energy}{section.7}% 30
\BOOKMARK [2][-]{subsection.7.8}{7.8. Cuts and Shorts}{section.7}% 31
\BOOKMARK [1][-]{section.8}{8. Graphs and Random Walks \(after Bar3\)}{}% 32
\BOOKMARK [2][-]{subsection.8.1}{8.1. Graphs}{section.8}% 33
\BOOKMARK [2][-]{subsection.8.2}{8.2. Random Walk and Markov Chain}{section.8}% 34
\BOOKMARK [1][-]{section.9}{9. Matrices}{}% 35
\BOOKMARK [2][-]{subsection.9.1}{9.1. Notation}{section.9}% 36
\BOOKMARK [2][-]{subsection.9.2}{9.2. Harmonic Extensions}{section.9}% 37
\BOOKMARK [2][-]{subsection.9.3}{9.3. Green's Function}{section.9}% 38
\BOOKMARK [2][-]{subsection.9.4}{9.4. Other Quantities}{section.9}% 39
\BOOKMARK [1][-]{section.10}{10. Matrix Examples}{}% 40
\BOOKMARK [2][-]{subsection.10.1}{10.1. Simple Triangle T }{section.10}% 41
\BOOKMARK [2][-]{subsection.10.2}{10.2. SG\(2\) Prefractal}{section.10}% 42
\BOOKMARK [2][-]{subsection.10.3}{10.3. SG\(3\) Prefractal}{section.10}% 43
\BOOKMARK [1][-]{section.11}{11. Trace Networks}{}% 44
\BOOKMARK [2][-]{subsection.11.1}{11.1. Motivation}{section.11}% 45
\BOOKMARK [2][-]{subsection.11.2}{11.2. Black Boxes}{section.11}% 46
\BOOKMARK [2][-]{subsection.11.3}{11.3. Trace Dirichlet Form}{section.11}% 47
\BOOKMARK [2][-]{subsection.11.4}{11.4. Construction of Trace Network}{section.11}% 48
\BOOKMARK [2][-]{subsection.11.5}{11.5. Tower Property of Trace}{section.11}% 49
\BOOKMARK [1][-]{section.12}{12. PCF fractals}{}% 50
\BOOKMARK [2][-]{subsection.12.1}{12.1. Overview}{section.12}% 51
\BOOKMARK [2][-]{subsection.12.2}{12.2. Words and Addresses}{section.12}% 52
\BOOKMARK [2][-]{subsection.12.3}{12.3. Self-Similar Structure}{section.12}% 53
\BOOKMARK [2][-]{subsection.12.4}{12.4. Post Critical Set}{section.12}% 54
\BOOKMARK [2][-]{subsection.12.5}{12.5. Post Critically Finite Fractals}{section.12}% 55
\BOOKMARK [2][-]{subsection.12.6}{12.6. Ancestral Systems}{section.12}% 56
\BOOKMARK [1][-]{section.13}{13. Replication of a Network}{}% 57
\BOOKMARK [2][-]{subsection.13.1}{13.1. Notation}{section.13}% 58
\BOOKMARK [2][-]{subsection.13.2}{13.2. Definition of Replication}{section.13}% 59
\BOOKMARK [2][-]{subsection.13.3}{13.3. Invariance under Replication}{section.13}% 60
\BOOKMARK [2][-]{subsection.13.4}{13.4. Finding Invariant Networks}{section.13}% 61
\BOOKMARK [2][-]{subsection.13.5}{13.5. Abstract Existence Results}{section.13}% 62
\BOOKMARK [2][-]{subsection.13.6}{13.6. Replication and Trace}{section.13}% 63
\BOOKMARK [1][-]{section.14}{14. Sequences of Compatible Networks}{}% 64
\BOOKMARK [1][-]{section.15}{15. Dirichlet Forms on PCF Fractals}{}% 65
\BOOKMARK [2][-]{subsection.15.1}{15.1. Review of Dirichlet Forms and Laplacians}{section.15}% 66
\BOOKMARK [2][-]{subsection.15.2}{15.2. Harmonic Extensions and Restrictions}{section.15}% 67
\BOOKMARK [1][-]{section.16}{16. PCF Fractals}{}% 68
\BOOKMARK [2][-]{subsection.16.1}{16.1. Basic Setup}{section.16}% 69
\BOOKMARK [2][-]{subsection.16.2}{16.2. Energy}{section.16}% 70
\BOOKMARK [2][-]{subsection.16.3}{16.3. Laplacians}{section.16}% 71
\BOOKMARK [1][-]{section.17}{17. Hiearchical Fractals}{}% 72
\BOOKMARK [1][-]{section*.11}{References}{}% 73
