\BOOKMARK [1][-]{section.1}{1. Dirichlet and Neumann Problems}{}% 1
\BOOKMARK [1][-]{section.2}{2. Heat Equation Basics in \040Rn }{}% 2
\BOOKMARK [2][-]{subsection.2.1}{2.1. Heat Equation}{section.2}% 3
\BOOKMARK [2][-]{subsection.2.2}{2.2. Fundamental Solution}{section.2}% 4
\BOOKMARK [2][-]{subsection.2.3}{2.3. Duhamel's Principle}{section.2}% 5
\BOOKMARK [2][-]{subsection.2.4}{2.4. Semigroup Approach and Eignefunction Expansion for Heat Kernel}{section.2}% 6
\BOOKMARK [1][-]{section.3}{3. Semigroup Theory}{}% 7
\BOOKMARK [2][-]{subsection.3.1}{3.1. Reinterpreting the Heat Equation}{section.3}% 8
\BOOKMARK [2][-]{subsection.3.2}{3.2. Contractive Semigroups}{section.3}% 9
\BOOKMARK [2][-]{subsection.3.3}{3.3. Resolvents}{section.3}% 10
\BOOKMARK [2][-]{subsection.3.4}{3.4. Generating contractive semigroups}{section.3}% 11
\BOOKMARK [1][-]{section.4}{4. Weyl's Formula}{}% 12
\BOOKMARK [2][-]{subsection.4.1}{4.1. The Formula and Consequences}{section.4}% 13
\BOOKMARK [2][-]{subsection.4.2}{4.2. Construction of a Parametrix}{section.4}% 14
\BOOKMARK [2][-]{subsection.4.3}{4.3. Construction of the Heat Kernel and Consequences}{section.4}% 15
\BOOKMARK [1][-]{section.5}{5. Karamata's Tauberian Theorem}{}% 16
\BOOKMARK [1][-]{section.6}{6. Finite Dimensional Background: Kernels and Trace}{}% 17
\BOOKMARK [1][-]{section.7}{7. Trace Class}{}% 18
\BOOKMARK [1][-]{section.8}{8. Hilbert Schmidt Integral Operators}{}% 19
\BOOKMARK [1][-]{section.9}{9. Mercer's Theorem}{}% 20
\BOOKMARK [1][-]{section*.2}{References}{}% 21
