\BOOKMARK [0][-]{part.1}{Part 1. Types of Markov Processes}{}
\BOOKMARK [1][-]{section.1}{1. Continuous Time and Discrete Space}{part.1}
\BOOKMARK [2][-]{subsection.1.1}{1.1. Markov transition function \040Pij\(t\) \040}{section.1}
\BOOKMARK [2][-]{subsection.1.2}{1.2. Exponential}{section.1}
\BOOKMARK [2][-]{subsection.1.3}{1.3. Generator}{section.1}
\BOOKMARK [2][-]{subsection.1.4}{1.4. Random Clock}{section.1}
\BOOKMARK [1][-]{section.2}{2. Discrete Time and General State Space}{part.1}
\BOOKMARK [2][-]{subsection.2.1}{2.1. Markov kernel \040P\(x,E\) }{section.2}
\BOOKMARK [2][-]{subsection.2.2}{2.2. Properties}{section.2}
\BOOKMARK [2][-]{subsection.2.3}{2.3. Redistributions}{section.2}
\BOOKMARK [1][-]{section.3}{3. Continuous Time and State Space}{part.1}
\BOOKMARK [2][-]{subsection.3.1}{3.1. Markov transition function \040Pt\(x,E\) }{section.3}
\BOOKMARK [2][-]{subsection.3.2}{3.2. Brownian motion}{section.3}
\BOOKMARK [0][-]{part.2}{Part 2. Semigroups}{}
\BOOKMARK [1][-]{section.4}{4. Construction of Semigroups from Markov Processes}{part.2}
\BOOKMARK [2][-]{subsection.4.1}{4.1. Notation}{section.4}
\BOOKMARK [2][-]{subsection.4.2}{4.2. Contraction semigroups on \040F\(S\) \040and \040M\(S\) }{section.4}
\BOOKMARK [2][-]{subsection.4.3}{4.3. Contraction semigroups on \040C\(S\) }{section.4}
\BOOKMARK [1][-]{section.5}{5. General Contraction Semigroups}{part.2}
\BOOKMARK [2][-]{subsection.5.1}{5.1. Definitions}{section.5}
\BOOKMARK [2][-]{subsection.5.2}{5.2. Infinitesimal generator}{section.5}
\BOOKMARK [2][-]{subsection.5.3}{5.3. Bounded infinitesimal generator}{section.5}
\BOOKMARK [2][-]{subsection.5.4}{5.4. Laplace transform analogy}{section.5}
\BOOKMARK [1][-]{section*.2}{References}{part.2}
